// Jest Snapshot v1, https://goo.gl/fbAQLP

exports[`Default Alert popover snapshop 1`] = `
<Alert
  closeLabel="Close alert"
  dismissible={false}
  show={true}
  transition={
    Object {
      "$$typeof": Symbol(react.forward_ref),
      "defaultProps": Object {
        "appear": false,
        "in": false,
        "mountOnEnter": false,
        "timeout": 300,
        "unmountOnExit": false,
      },
      "displayName": "Fade",
      "render": [Function],
    }
  }
  variant="primary"
>
  This is a primary alertâ€”check it out!
</Alert>
`;
