// Jest Snapshot v1, https://goo.gl/fbAQLP

exports[`renders default Icon 1`] = `
<i
  className="fas fa-user fa-md"
  style={
    Object {
      "color": undefined,
    }
  }
/>
`;
