// Jest Snapshot v1, https://goo.gl/fbAQLP

exports[`renders default Badge 1`] = `
<span
  className="
    
    
    
     badge badge-pill badge-secondary"
/>
`;
