// Jest Snapshot v1, https://goo.gl/fbAQLP

exports[`Default Popover popover snapshop 1`] = `
<div
  className="popover-container"
>
  <OverlayTrigger
    defaultShow={false}
    overlay={
      <ForwardRef
        content="content"
        placement="right"
        style={null}
      >
        <ForwardRef>
          title
        </ForwardRef>
        <ForwardRef />
      </ForwardRef>
    }
    placement="auto"
    trigger={
      Array [
        "hover",
        "focus",
      ]
    }
  >
    <span>
      trigger
    </span>
  </OverlayTrigger>
</div>
`;
